   1               		.file	"adc.c"
   2               	__SREG__ = 0x3f
   3               	__SP_H__ = 0x3e
   4               	__SP_L__ = 0x3d
   5               	__CCP__  = 0x34
   6               	__tmp_reg__ = 0
   7               	__zero_reg__ = 1
   8               		.global __do_copy_data
   9               		.global __do_clear_bss
  17               	.Ltext0:
  18               	.global	adc
  20               	adc:
  21               	.LFB6:
  22               	.LM1:
  23               	.LVL0:
  24               	/* prologue: function */
  25               	/* frame size = 0 */
  26               	.LM2:
  27 0000 96B1      		in r25,38-32
  28 0002 9368      		ori r25,lo8(-125)
  29 0004 96B9      		out 38-32,r25
  30               	.LM3:
  31 0006 87B9      		out 39-32,r24
  32               	.LM4:
  33 0008 369A      		sbi 38-32,6
  34               	.L2:
  35               	.LM5:
  36 000a 349B      		sbis 38-32,4
  37 000c 00C0      		rjmp .L2
  38               	.LM6:
  39 000e 349A      		sbi 38-32,4
  40               	.LM7:
  41 0010 369A      		sbi 38-32,6
  42               	.L3:
  43               	.LM8:
  44 0012 349B      		sbis 38-32,4
  45 0014 00C0      		rjmp .L3
  46               	.LM9:
  47 0016 24B1      		in r18,36-32
  48 0018 35B1      		in r19,(36)+1-32
  49               	.LVL1:
  50               	.LM10:
  51 001a 349A      		sbi 38-32,4
  52               	.LM11:
  53 001c 3798      		cbi 38-32,7
  54               	.LM12:
  55 001e 17B8      		out 39-32,__zero_reg__
  56               	.LM13:
  57 0020 C901      		movw r24,r18
  58               	.LVL2:
  59               	/* epilogue start */
  60 0022 0895      		ret
  61               	.LFE6:
  87               	.Letext0:
DEFINED SYMBOLS
                            *ABS*:00000000 adc.c
     /tmp/cc8Mwt4K.s:2      *ABS*:0000003f __SREG__
     /tmp/cc8Mwt4K.s:3      *ABS*:0000003e __SP_H__
     /tmp/cc8Mwt4K.s:4      *ABS*:0000003d __SP_L__
     /tmp/cc8Mwt4K.s:5      *ABS*:00000034 __CCP__
     /tmp/cc8Mwt4K.s:6      *ABS*:00000000 __tmp_reg__
     /tmp/cc8Mwt4K.s:7      *ABS*:00000001 __zero_reg__
     /tmp/cc8Mwt4K.s:20     .text:00000000 adc

UNDEFINED SYMBOLS
__do_copy_data
__do_clear_bss
